== Requirements

No requirements.

== Providers

No providers.

== Modules

No modules. Modified 3

== Resources

No resources.

== Inputs

No inputs.

== Outputs

No outputs.