## Requirements

No requirements.

## Providers

No providers.

## Modules

No modules. Modified 2

## Resources

No resources.

## Inputs

No inputs.

## Outputs

No outputs.